
> 03_website_app@0.1.0 build
> next build

▲ Next.js 16.1.6 (Turbopack)

  Creating an optimized production build ...
✓ Compiled successfully in 23.8s
  Running TypeScript ...
  Collecting page data using 31 workers ...
The default export of @sanity/image-url has been deprecated. Use the named export `createImageUrlBuilder` instead.
  Generating static pages using 31 workers (0/48) ...
The default export of @sanity/image-url has been deprecated. Use the named export `createImageUrlBuilder` instead.
Sanity configuration missing or dataset not found. Using fallback static data.
  Generating static pages using 31 workers (12/48) 
  Generating static pages using 31 workers (24/48) 
  Generating static pages using 31 workers (36/48) 
✓ Generating static pages using 31 workers (48/48) in 1022.7ms
  Finalizing page optimization ...

Route (app)                                                  Revalidate  Expire
┌ ○ /
├ ○ /_not-found
├ ƒ /api/leads
├ ○ /blog
├ ○ /chirurgiens                                                     1m      1y
├ ○ /cliniques-partenaires
├ ○ /contact
├ ƒ /devis
├ ○ /guide
├ ○ /interventions/bariatrique/anneau-gastrique
├ ○ /interventions/bariatrique/bypass-gastrique
├ ○ /interventions/bariatrique/sleeve-gastrique
├ ○ /interventions/capillaire/greffe-barbe
├ ○ /interventions/capillaire/greffe-cheveux
├ ○ /interventions/capillaire/greffe-dhi
├ ○ /interventions/chirurgie-mammaire/augmentation-mammaire
├ ○ /interventions/chirurgie-mammaire/lifting-seins
├ ○ /interventions/chirurgie-mammaire/lipofilling-mammaire
├ ○ /interventions/chirurgie-mammaire/reduction-mammaire
├ ○ /interventions/chirurgie-silhouette/abdominoplastie
├ ○ /interventions/chirurgie-silhouette/bbl
├ ○ /interventions/chirurgie-silhouette/lifting-bras
├ ○ /interventions/chirurgie-silhouette/lifting-cuisses
├ ○ /interventions/chirurgie-silhouette/liposuccion
├ ○ /interventions/chirurgie-silhouette/mommy-makeover
├ ○ /interventions/chirurgie-visage/blepharoplastie
├ ○ /interventions/chirurgie-visage/genioplastie
├ ○ /interventions/chirurgie-visage/lifting-cervico-facial
├ ○ /interventions/chirurgie-visage/lipofilling-visage
├ ○ /interventions/chirurgie-visage/otoplastie
├ ○ /interventions/chirurgie-visage/rhinoplastie
├ ○ /interventions/dentaire/blanchiment
├ ○ /interventions/dentaire/couronnes
├ ○ /interventions/dentaire/facettes
├ ○ /interventions/dentaire/implants-dentaires
├ ○ /interventions/medecine-esthetique/acide-hyaluronique
├ ○ /interventions/medecine-esthetique/botox
├ ○ /interventions/medecine-esthetique/mesolift
├ ○ /interventions/medecine-esthetique/peeling
├ ○ /mentions-legales
├ ○ /politique-confidentialite
├ ○ /robots.txt
├ ○ /sejour-medical
├ ○ /sitemap.xml
├ ƒ /studio/[[...index]]
├ ○ /tarifs
└ ○ /temoignages


○  (Static)   prerendered as static content
ƒ  (Dynamic)  server-rendered on demand

