
> 03_website_app@0.1.0 build
> next build

▲ Next.js 16.1.6 (Turbopack)
- Environments: .env.local

⚠ The "middleware" file convention is deprecated. Please use "proxy" instead. Learn more: https://nextjs.org/docs/messages/middleware-to-proxy
  Creating an optimized production build ...

> Build error occurred
Error: Turbopack build failed with 11 errors:
./src/app/chirurgiens/page.tsx:1:1
Module not found: Can't resolve '@/sanity/lib/client'
> 1 | import { client } from '@/sanity/lib/client';
    | ^^^^^^^^^^^^^^^^^^^^^^^^^^^^^^^^^^^^^^^^^^^^^
  2 | import { doctorsQuery } from '@/sanity/lib/queries';
  3 | import { urlForImage } from '@/sanity/lib/image';
  4 | import { Button } from "@/components/ui/button";

Import map: aliased to relative './src/sanity/lib/client' inside of [project]/


https://nextjs.org/docs/messages/module-not-found


./src/components/interventions/AvantApresGallery.tsx:1:1
Module not found: Can't resolve '@/sanity/lib/client'
> 1 | import { client } from "@/sanity/lib/client";
    | ^^^^^^^^^^^^^^^^^^^^^^^^^^^^^^^^^^^^^^^^^^^^^
  2 | import { galleryCasesByInterventionQuery } from "@/sanity/lib/queries";
  3 | import { urlForImage } from "@/sanity/lib/image";
  4 | import { BeforeAfterSlider } from "@/components/ui/before-after-slider";

Import map: aliased to relative './src/sanity/lib/client' inside of [project]/


Import trace:
  Server Component:
    ./src/components/interventions/AvantApresGallery.tsx
    ./src/components/interventions/InterventionPageTemplate.tsx
    ./src/app/interventions/bariatrique/anneau-gastrique/page.tsx

https://nextjs.org/docs/messages/module-not-found


./src/components/interventions/DynamicDoctors.tsx:1:1
Module not found: Can't resolve '@/sanity/lib/client'
> 1 | import { client } from "@/sanity/lib/client";
    | ^^^^^^^^^^^^^^^^^^^^^^^^^^^^^^^^^^^^^^^^^^^^^
  2 | import { doctorsQuery } from "@/sanity/lib/queries";
  3 | import { urlForImage } from "@/sanity/lib/image";
  4 | import { Image as SanityImage } from "sanity";

Import map: aliased to relative './src/sanity/lib/client' inside of [project]/


Import trace:
  Server Component:
    ./src/components/interventions/DynamicDoctors.tsx
    ./src/components/interventions/InterventionPageTemplate.tsx
    ./src/app/interventions/bariatrique/anneau-gastrique/page.tsx

https://nextjs.org/docs/messages/module-not-found


./src/components/interventions/DynamicReviews.tsx:1:1
Module not found: Can't resolve '@/sanity/lib/client'
> 1 | import { client } from "@/sanity/lib/client";
    | ^^^^^^^^^^^^^^^^^^^^^^^^^^^^^^^^^^^^^^^^^^^^^
  2 | import { reviewsQuery, reviewsByInterventionQuery } from "@/sanity/lib/queries";
  3 | import { Star, Quote } from "lucide-react";
  4 | import { cn } from "@/lib/utils";

Import map: aliased to relative './src/sanity/lib/client' inside of [project]/


Import trace:
  Server Component:
    ./src/components/interventions/DynamicReviews.tsx
    ./src/components/interventions/InterventionPageTemplate.tsx
    ./src/app/interventions/bariatrique/anneau-gastrique/page.tsx

https://nextjs.org/docs/messages/module-not-found


./src/app/chirurgiens/page.tsx:3:1
Module not found: Can't resolve '@/sanity/lib/image'
  1 | import { client } from '@/sanity/lib/client';
  2 | import { doctorsQuery } from '@/sanity/lib/queries';
> 3 | import { urlForImage } from '@/sanity/lib/image';
    | ^^^^^^^^^^^^^^^^^^^^^^^^^^^^^^^^^^^^^^^^^^^^^^^^^
  4 | import { Button } from "@/components/ui/button";
  5 | import { ArrowRight, Award, ShieldCheck, Stethoscope, Star } from "lucide-react";
  6 | import { GuaranteeSection } from "@/components/interventions/GuaranteeSection";

Import map: aliased to relative './src/sanity/lib/image' inside of [project]/


https://nextjs.org/docs/messages/module-not-found


./src/components/interventions/AvantApresGallery.tsx:3:1
Module not found: Can't resolve '@/sanity/lib/image'
  1 | import { client } from "@/sanity/lib/client";
  2 | import { galleryCasesByInterventionQuery } from "@/sanity/lib/queries";
> 3 | import { urlForImage } from "@/sanity/lib/image";
    | ^^^^^^^^^^^^^^^^^^^^^^^^^^^^^^^^^^^^^^^^^^^^^^^^^
  4 | import { BeforeAfterSlider } from "@/components/ui/before-after-slider";
  5 | import { Image as SanityImage } from "sanity";
  6 | import { Sparkles, ArrowRight } from "lucide-react";

Import map: aliased to relative './src/sanity/lib/image' inside of [project]/


Import trace:
  Server Component:
    ./src/components/interventions/AvantApresGallery.tsx
    ./src/components/interventions/InterventionPageTemplate.tsx
    ./src/app/interventions/bariatrique/anneau-gastrique/page.tsx

https://nextjs.org/docs/messages/module-not-found


./src/components/interventions/DynamicDoctors.tsx:3:1
Module not found: Can't resolve '@/sanity/lib/image'
  1 | import { client } from "@/sanity/lib/client";
  2 | import { doctorsQuery } from "@/sanity/lib/queries";
> 3 | import { urlForImage } from "@/sanity/lib/image";
    | ^^^^^^^^^^^^^^^^^^^^^^^^^^^^^^^^^^^^^^^^^^^^^^^^^
  4 | import { Image as SanityImage } from "sanity";
  5 | import { CheckCircle2, UserCircle2, ArrowRight } from "lucide-react";
  6 | import Image from "next/image";

Import map: aliased to relative './src/sanity/lib/image' inside of [project]/


Import trace:
  Server Component:
    ./src/components/interventions/DynamicDoctors.tsx
    ./src/components/interventions/InterventionPageTemplate.tsx
    ./src/app/interventions/bariatrique/anneau-gastrique/page.tsx

https://nextjs.org/docs/messages/module-not-found


./src/app/chirurgiens/page.tsx:2:1
Module not found: Can't resolve '@/sanity/lib/queries'
  1 | import { client } from '@/sanity/lib/client';
> 2 | import { doctorsQuery } from '@/sanity/lib/queries';
    | ^^^^^^^^^^^^^^^^^^^^^^^^^^^^^^^^^^^^^^^^^^^^^^^^^^^^
  3 | import { urlForImage } from '@/sanity/lib/image';
  4 | import { Button } from "@/components/ui/button";
  5 | import { ArrowRight, Award, ShieldCheck, Stethoscope, Star } from "lucide-react";

Import map: aliased to relative './src/sanity/lib/queries' inside of [project]/


https://nextjs.org/docs/messages/module-not-found


./src/components/interventions/AvantApresGallery.tsx:2:1
Module not found: Can't resolve '@/sanity/lib/queries'
  1 | import { client } from "@/sanity/lib/client";
> 2 | import { galleryCasesByInterventionQuery } from "@/sanity/lib/queries";
    | ^^^^^^^^^^^^^^^^^^^^^^^^^^^^^^^^^^^^^^^^^^^^^^^^^^^^^^^^^^^^^^^^^^^^^^^
  3 | import { urlForImage } from "@/sanity/lib/image";
  4 | import { BeforeAfterSlider } from "@/components/ui/before-after-slider";
  5 | import { Image as SanityImage } from "sanity";

Import map: aliased to relative './src/sanity/lib/queries' inside of [project]/


Import trace:
  Server Component:
    ./src/components/interventions/AvantApresGallery.tsx
    ./src/components/interventions/InterventionPageTemplate.tsx
    ./src/app/interventions/bariatrique/anneau-gastrique/page.tsx

https://nextjs.org/docs/messages/module-not-found


./src/components/interventions/DynamicDoctors.tsx:2:1
Module not found: Can't resolve '@/sanity/lib/queries'
  1 | import { client } from "@/sanity/lib/client";
> 2 | import { doctorsQuery } from "@/sanity/lib/queries";
    | ^^^^^^^^^^^^^^^^^^^^^^^^^^^^^^^^^^^^^^^^^^^^^^^^^^^^
  3 | import { urlForImage } from "@/sanity/lib/image";
  4 | import { Image as SanityImage } from "sanity";
  5 | import { CheckCircle2, UserCircle2, ArrowRight } from "lucide-react";

Import map: aliased to relative './src/sanity/lib/queries' inside of [project]/


Import trace:
  Server Component:
    ./src/components/interventions/DynamicDoctors.tsx
    ./src/components/interventions/InterventionPageTemplate.tsx
    ./src/app/interventions/bariatrique/anneau-gastrique/page.tsx

https://nextjs.org/docs/messages/module-not-found


./src/components/interventions/DynamicReviews.tsx:2:1
Module not found: Can't resolve '@/sanity/lib/queries'
  1 | import { client } from "@/sanity/lib/client";
> 2 | import { reviewsQuery, reviewsByInterventionQuery } from "@/sanity/lib/queries";
    | ^^^^^^^^^^^^^^^^^^^^^^^^^^^^^^^^^^^^^^^^^^^^^^^^^^^^^^^^^^^^^^^^^^^^^^^^^^^^^^^^
  3 | import { Star, Quote } from "lucide-react";
  4 | import { cn } from "@/lib/utils";
  5 |

Import map: aliased to relative './src/sanity/lib/queries' inside of [project]/


Import trace:
  Server Component:
    ./src/components/interventions/DynamicReviews.tsx
    ./src/components/interventions/InterventionPageTemplate.tsx
    ./src/app/interventions/bariatrique/anneau-gastrique/page.tsx

https://nextjs.org/docs/messages/module-not-found


    at <unknown> (./src/app/chirurgiens/page.tsx:1:1)
    at <unknown> (https://nextjs.org/docs/messages/module-not-found)
    at <unknown> (./src/components/interventions/AvantApresGallery.tsx:1:1)
    at <unknown> (https://nextjs.org/docs/messages/module-not-found)
    at <unknown> (./src/components/interventions/DynamicDoctors.tsx:1:1)
    at <unknown> (https://nextjs.org/docs/messages/module-not-found)
    at <unknown> (./src/components/interventions/DynamicReviews.tsx:1:1)
    at <unknown> (https://nextjs.org/docs/messages/module-not-found)
    at <unknown> (./src/app/chirurgiens/page.tsx:3:1)
    at <unknown> (https://nextjs.org/docs/messages/module-not-found)
    at <unknown> (./src/components/interventions/AvantApresGallery.tsx:3:1)
    at <unknown> (https://nextjs.org/docs/messages/module-not-found)
    at <unknown> (./src/components/interventions/DynamicDoctors.tsx:3:1)
    at <unknown> (https://nextjs.org/docs/messages/module-not-found)
    at <unknown> (./src/app/chirurgiens/page.tsx:2:1)
    at <unknown> (https://nextjs.org/docs/messages/module-not-found)
    at <unknown> (./src/components/interventions/AvantApresGallery.tsx:2:1)
    at <unknown> (https://nextjs.org/docs/messages/module-not-found)
    at <unknown> (./src/components/interventions/DynamicDoctors.tsx:2:1)
    at <unknown> (https://nextjs.org/docs/messages/module-not-found)
    at <unknown> (./src/components/interventions/DynamicReviews.tsx:2:1)
    at <unknown> (https://nextjs.org/docs/messages/module-not-found)
