.next/dev/types/validator.ts(5,50): error TS2305: Module '"./routes.js"' has no exported member 'AppRouteHandlerRoutes'.
.next/dev/types/validator.ts(40,59): error TS2536: Type 'Route' cannot be used to index type 'ParamMap'.
.next/dev/types/validator.ts(41,60): error TS2536: Type 'Route' cannot be used to index type 'ParamMap'.
.next/dev/types/validator.ts(42,59): error TS2536: Type 'Route' cannot be used to index type 'ParamMap'.
.next/dev/types/validator.ts(43,61): error TS2536: Type 'Route' cannot be used to index type 'ParamMap'.
.next/dev/types/validator.ts(44,62): error TS2536: Type 'Route' cannot be used to index type 'ParamMap'.
.next/dev/types/validator.ts(45,60): error TS2536: Type 'Route' cannot be used to index type 'ParamMap'.
.next/dev/types/validator.ts(46,63): error TS2536: Type 'Route' cannot be used to index type 'ParamMap'.
.next/dev/types/validator.ts(52,52): error TS2344: Type '"/lp/augmentation-mammaire-tunisie"' does not satisfy the constraint 'never'.
.next/dev/types/validator.ts(61,52): error TS2344: Type '"/lp/greffe-cheveux-tunisie"' does not satisfy the constraint 'never'.
.next/dev/types/validator.ts(70,52): error TS2344: Type '"/lp/rhinoplastie-tunisie"' does not satisfy the constraint 'never'.
.next/dev/types/validator.ts(79,52): error TS2344: Type '"/lp/sleeve-gastrique-tunisie"' does not satisfy the constraint 'never'.
.next/dev/types/validator.ts(88,52): error TS2344: Type '"/blog/[slug]"' does not satisfy the constraint 'never'.
.next/dev/types/validator.ts(97,52): error TS2344: Type '"/blog"' does not satisfy the constraint 'never'.
.next/dev/types/validator.ts(106,52): error TS2344: Type '"/calculateur-imc"' does not satisfy the constraint 'never'.
.next/dev/types/validator.ts(115,52): error TS2344: Type '"/chirurgiens"' does not satisfy the constraint 'never'.
.next/dev/types/validator.ts(124,52): error TS2344: Type '"/cliniques-partenaires"' does not satisfy the constraint 'never'.
.next/dev/types/validator.ts(133,52): error TS2344: Type '"/contact"' does not satisfy the constraint 'never'.
.next/dev/types/validator.ts(142,52): error TS2344: Type '"/devis"' does not satisfy the constraint 'never'.
.next/dev/types/validator.ts(151,52): error TS2344: Type '"/guide"' does not satisfy the constraint 'never'.
.next/dev/types/validator.ts(160,52): error TS2344: Type '"/interventions/bariatrique/anneau-gastrique"' does not satisfy the constraint 'never'.
.next/dev/types/validator.ts(169,52): error TS2344: Type '"/interventions/bariatrique/bypass-gastrique"' does not satisfy the constraint 'never'.
.next/dev/types/validator.ts(178,52): error TS2344: Type '"/interventions/bariatrique/sleeve-gastrique"' does not satisfy the constraint 'never'.
.next/dev/types/validator.ts(187,52): error TS2344: Type '"/interventions/capillaire/greffe-barbe"' does not satisfy the constraint 'never'.
.next/dev/types/validator.ts(196,52): error TS2344: Type '"/interventions/capillaire/greffe-cheveux"' does not satisfy the constraint 'never'.
.next/dev/types/validator.ts(205,52): error TS2344: Type '"/interventions/capillaire/greffe-dhi"' does not satisfy the constraint 'never'.
.next/dev/types/validator.ts(214,52): error TS2344: Type '"/interventions/chirurgie-mammaire/augmentation-mammaire"' does not satisfy the constraint 'never'.
.next/dev/types/validator.ts(223,52): error TS2344: Type '"/interventions/chirurgie-mammaire/lifting-seins"' does not satisfy the constraint 'never'.
.next/dev/types/validator.ts(232,52): error TS2344: Type '"/interventions/chirurgie-mammaire/lipofilling-mammaire"' does not satisfy the constraint 'never'.
.next/dev/types/validator.ts(241,52): error TS2344: Type '"/interventions/chirurgie-mammaire/reduction-mammaire"' does not satisfy the constraint 'never'.
.next/dev/types/validator.ts(250,52): error TS2344: Type '"/interventions/chirurgie-silhouette/abdominoplastie"' does not satisfy the constraint 'never'.
.next/dev/types/validator.ts(259,52): error TS2344: Type '"/interventions/chirurgie-silhouette/bbl"' does not satisfy the constraint 'never'.
.next/dev/types/validator.ts(268,52): error TS2344: Type '"/interventions/chirurgie-silhouette/lifting-bras"' does not satisfy the constraint 'never'.
.next/dev/types/validator.ts(277,52): error TS2344: Type '"/interventions/chirurgie-silhouette/lifting-cuisses"' does not satisfy the constraint 'never'.
.next/dev/types/validator.ts(286,52): error TS2344: Type '"/interventions/chirurgie-silhouette/liposuccion"' does not satisfy the constraint 'never'.
.next/dev/types/validator.ts(295,52): error TS2344: Type '"/interventions/chirurgie-silhouette/mommy-makeover"' does not satisfy the constraint 'never'.
.next/dev/types/validator.ts(304,52): error TS2344: Type '"/interventions/chirurgie-visage/blepharoplastie"' does not satisfy the constraint 'never'.
.next/dev/types/validator.ts(313,52): error TS2344: Type '"/interventions/chirurgie-visage/genioplastie"' does not satisfy the constraint 'never'.
.next/dev/types/validator.ts(322,52): error TS2344: Type '"/interventions/chirurgie-visage/lifting-cervico-facial"' does not satisfy the constraint 'never'.
.next/dev/types/validator.ts(331,52): error TS2344: Type '"/interventions/chirurgie-visage/lipofilling-visage"' does not satisfy the constraint 'never'.
.next/dev/types/validator.ts(340,52): error TS2344: Type '"/interventions/chirurgie-visage/otoplastie"' does not satisfy the constraint 'never'.
.next/dev/types/validator.ts(349,52): error TS2344: Type '"/interventions/chirurgie-visage/rhinoplastie"' does not satisfy the constraint 'never'.
.next/dev/types/validator.ts(358,52): error TS2344: Type '"/interventions/dentaire/blanchiment"' does not satisfy the constraint 'never'.
.next/dev/types/validator.ts(367,52): error TS2344: Type '"/interventions/dentaire/couronnes"' does not satisfy the constraint 'never'.
.next/dev/types/validator.ts(376,52): error TS2344: Type '"/interventions/dentaire/facettes"' does not satisfy the constraint 'never'.
.next/dev/types/validator.ts(385,52): error TS2344: Type '"/interventions/dentaire/implants-dentaires"' does not satisfy the constraint 'never'.
.next/dev/types/validator.ts(394,52): error TS2344: Type '"/interventions/medecine-esthetique/acide-hyaluronique"' does not satisfy the constraint 'never'.
.next/dev/types/validator.ts(403,52): error TS2344: Type '"/interventions/medecine-esthetique/botox"' does not satisfy the constraint 'never'.
.next/dev/types/validator.ts(412,52): error TS2344: Type '"/interventions/medecine-esthetique/mesolift"' does not satisfy the constraint 'never'.
.next/dev/types/validator.ts(421,52): error TS2344: Type '"/interventions/medecine-esthetique/peeling"' does not satisfy the constraint 'never'.
.next/dev/types/validator.ts(430,52): error TS2344: Type '"/mentions-legales"' does not satisfy the constraint 'never'.
.next/dev/types/validator.ts(439,52): error TS2344: Type '"/"' does not satisfy the constraint 'never'.
.next/dev/types/validator.ts(448,52): error TS2344: Type '"/politique-confidentialite"' does not satisfy the constraint 'never'.
.next/dev/types/validator.ts(457,52): error TS2344: Type '"/sejour-medical"' does not satisfy the constraint 'never'.
.next/dev/types/validator.ts(466,52): error TS2344: Type '"/studio/[[...index]]"' does not satisfy the constraint 'never'.
.next/dev/types/validator.ts(475,52): error TS2344: Type '"/tarifs"' does not satisfy the constraint 'never'.
.next/dev/types/validator.ts(484,52): error TS2344: Type '"/temoignages"' does not satisfy the constraint 'never'.
.next/dev/types/validator.ts(524,51): error TS2344: Type '"/"' does not satisfy the constraint 'never'.
.next/dev/types/validator.ts(533,51): error TS2344: Type '"/interventions"' does not satisfy the constraint 'never'.
.next/dev/types/validator.ts(542,51): error TS2344: Type '"/"' does not satisfy the constraint 'never'.
.next/dev/types/validator.ts(551,51): error TS2344: Type '"/studio"' does not satisfy the constraint 'never'.
